12:05:31 **** Build of configuration Debug for project ADDITION OF 2 NUMBERS .C ****
make -j4 all 
arm-none-eabi-gcc -mcpu=cortex-m4 -g3 -DDEBUG -c -x assembler-with-cpp -MMD -MP -MF"Startup/startup_stm32f407vgtx.d" -MT"Startup/startup_stm32f407vgtx.o" --specs=nano.specs -mfpu=fpv4-sp-d16 -mfloat-abi=hard -mthumb -o "Startup/startup_stm32f407vgtx.o" "../Startup/startup_stm32f407vgtx.s"
arm-none-eabi-gcc "../Src/itm.c" -mcpu=cortex-m4 -std=gnu11 -g3 -DDEBUG -DSTM32 -DSTM32F407G_DISC1 -DSTM32F4 -DSTM32F407VGTx -c -I../Inc -O0 -ffunction-sections -fdata-sections -Wall -fstack-usage -fcyclomatic-complexity -MMD -MP -MF"Src/itm.d" -MT"Src/itm.o" --specs=nano.specs -mfpu=fpv4-sp-d16 -mfloat-abi=hard -mthumb -o "Src/itm.o"
arm-none-eabi-gcc "../Src/main.c" -mcpu=cortex-m4 -std=gnu11 -g3 -DDEBUG -DSTM32 -DSTM32F407G_DISC1 -DSTM32F4 -DSTM32F407VGTx -c -I../Inc -O0 -ffunction-sections -fdata-sections -Wall -fstack-usage -fcyclomatic-complexity -MMD -MP -MF"Src/main.d" -MT"Src/main.o" --specs=nano.specs -mfpu=fpv4-sp-d16 -mfloat-abi=hard -mthumb -o "Src/main.o"
arm-none-eabi-gcc "../Src/syscalls.c" -mcpu=cortex-m4 -std=gnu11 -g3 -DDEBUG -DSTM32 -DSTM32F407G_DISC1 -DSTM32F4 -DSTM32F407VGTx -c -I../Inc -O0 -ffunction-sections -fdata-sections -Wall -fstack-usage -fcyclomatic-complexity -MMD -MP -MF"Src/syscalls.d" -MT"Src/syscalls.o" --specs=nano.specs -mfpu=fpv4-sp-d16 -mfloat-abi=hard -mthumb -o "Src/syscalls.o"
../Src/main.c:23:4: warning: #warning "FPU is not initialized, but the project is compiling for an FPU. Please initialize the FPU before use." [-Wcpp]
   23 |   #warning "FPU is not initialized, but the project is compiling for an FPU. Please initialize the FPU before use."
      |    ^~~~~~~
arm-none-eabi-gcc "../Src/sysmem.c" -mcpu=cortex-m4 -std=gnu11 -g3 -DDEBUG -DSTM32 -DSTM32F407G_DISC1 -DSTM32F4 -DSTM32F407VGTx -c -I../Inc -O0 -ffunction-sections -fdata-sections -Wall -fstack-usage -fcyclomatic-complexity -MMD -MP -MF"Src/sysmem.d" -MT"Src/sysmem.o" --specs=nano.specs -mfpu=fpv4-sp-d16 -mfloat-abi=hard -mthumb -o "Src/sysmem.o"
arm-none-eabi-gcc "../Src/system_stm32f4xx.c" -mcpu=cortex-m4 -std=gnu11 -g3 -DDEBUG -DSTM32 -DSTM32F407G_DISC1 -DSTM32F4 -DSTM32F407VGTx -c -I../Inc -O0 -ffunction-sections -fdata-sections -Wall -fstack-usage -fcyclomatic-complexity -MMD -MP -MF"Src/system_stm32f4xx.d" -MT"Src/system_stm32f4xx.o" --specs=nano.specs -mfpu=fpv4-sp-d16 -mfloat-abi=hard -mthumb -o "Src/system_stm32f4xx.o"
arm-none-eabi-gcc -o "ADDITION OF 2 NUMBERS .C.elf" @"objects.list"   -mcpu=cortex-m4 -T"C:\Users\Admin\STM32CubeIDE\workspace_2.0.0\.metadata\ADDITION OF 2 NUMBERS .C\STM32F407VGTX_FLASH.ld" --specs=nosys.specs -Wl,-Map="ADDITION OF 2 NUMBERS .C.map" -Wl,--gc-sections -static --specs=nano.specs -mfpu=fpv4-sp-d16 -mfloat-abi=hard -mthumb -Wl,--start-group -lc -lm -Wl,--end-group
Finished building target: ADDITION OF 2 NUMBERS .C.elf
 
arm-none-eabi-size  ADDITION\ OF\ 2\ NUMBERS\ .C.elf 
arm-none-eabi-objdump -h -S ADDITION\ OF\ 2\ NUMBERS\ .C.elf  > "ADDITION OF 2 NUMBERS .C.list"
   text	   data	    bss	    dec	    hex	filename
   3584	     92	   1900	   5576	   15c8	ADDITION OF 2 NUMBERS .C.elf
Finished building: default.size.stdout
 
Finished building: ADDITION OF 2 NUMBERS .C.list
 
12:08:04 **** Incremental Build of configuration Debug for project ADDITION OF 2 NUMBERS .C ****
make -j4 all 
arm-none-eabi-gcc "../Src/main.c" -mcpu=cortex-m4 -std=gnu11 -g3 -DDEBUG -DSTM32 -DSTM32F407G_DISC1 -DSTM32F4 -DSTM32F407VGTx -c -I../Inc -O0 -ffunction-sections -fdata-sections -Wall -fstack-usage -fcyclomatic-complexity -MMD -MP -MF"Src/main.d" -MT"Src/main.o" --specs=nano.specs -mfpu=fpv4-sp-d16 -mfloat-abi=hard -mthumb -o "Src/main.o"
../Src/main.c:23:4: warning: #warning "FPU is not initialized, but the project is compiling for an FPU. Please initialize the FPU before use." [-Wcpp]
   23 |   #warning "FPU is not initialized, but the project is compiling for an FPU. Please initialize the FPU before use."
      |    ^~~~~~~
../Src/main.c: In function 'main':
../Src/main.c:28:16: warning: zero-length gnu_printf format string [-Wformat-zero-length]
   28 |         printf("");
      |                ^~
arm-none-eabi-gcc -o "ADDITION OF 2 NUMBERS .C.elf" @"objects.list"   -mcpu=cortex-m4 -T"C:\Users\Admin\STM32CubeIDE\workspace_2.0.0\.metadata\ADDITION OF 2 NUMBERS .C\STM32F407VGTX_FLASH.ld" --specs=nosys.specs -Wl,-Map="ADDITION OF 2 NUMBERS .C.map" -Wl,--gc-sections -static --specs=nano.specs -mfpu=fpv4-sp-d16 -mfloat-abi=hard -mthumb -Wl,--start-group -lc -lm -Wl,--end-group
Finished building target: ADDITION OF 2 NUMBERS .C.elf
 
arm-none-eabi-size  ADDITION\ OF\ 2\ NUMBERS\ .C.elf 
arm-none-eabi-objdump -h -S ADDITION\ OF\ 2\ NUMBERS\ .C.elf  > "ADDITION OF 2 NUMBERS .C.list"
   text	   data	    bss	    dec	    hex	filename
   3560	     92	   1900	   5552	   15b0	ADDITION OF 2 NUMBERS .C.elf
Finished building: default.size.stdout
 
Finished building: ADDITION OF 2 NUMBERS .C.list
 
12:15:19 **** Incremental Build of configuration Debug for project ADDITION OF 2 NUMBERS .C ****
make -j4 all 
arm-none-eabi-gcc "../Src/main.c" -mcpu=cortex-m4 -std=gnu11 -g3 -DDEBUG -DSTM32 -DSTM32F407G_DISC1 -DSTM32F4 -DSTM32F407VGTx -c -I../Inc -O0 -ffunction-sections -fdata-sections -Wall -fstack-usage -fcyclomatic-complexity -MMD -MP -MF"Src/main.d" -MT"Src/main.o" --specs=nano.specs -mfpu=fpv4-sp-d16 -mfloat-abi=hard -mthumb -o "Src/main.o"
../Src/main.c:23:4: warning: #warning "FPU is not initialized, but the project is compiling for an FPU. Please initialize the FPU before use." [-Wcpp]
   23 |   #warning "FPU is not initialized, but the project is compiling for an FPU. Please initialize the FPU before use."
      |    ^~~~~~~
../Src/main.c: In function 'main':
../Src/main.c:30:17: warning: format '%d' expects a matching 'int *' argument [-Wformat=]
   30 |         scanf("%d %d,&a, &b");
      |                ~^
      |                 |
      |                 int *
../Src/main.c:30:20: warning: format '%d' expects a matching 'int *' argument [-Wformat=]
   30 |         scanf("%d %d,&a, &b");
      |                   ~^
      |                    |
      |                    int *
../Src/main.c:32:37: error: expected ';' before 'return0'
   32 |         printf("addition =%d\n",sum)
      |                                     ^
      |                                     ;
   33 |         return0;
      |         ~~~~~~~                      
make: *** [Src/subdir.mk:31: Src/main.o] Error 1
"make -j4 all" terminated with exit code 2. Build might be incomplete.
12:15:53 **** Incremental Build of configuration Debug for project ADDITION OF 2 NUMBERS .C ****
make -j4 all 
arm-none-eabi-gcc "../Src/main.c" -mcpu=cortex-m4 -std=gnu11 -g3 -DDEBUG -DSTM32 -DSTM32F407G_DISC1 -DSTM32F4 -DSTM32F407VGTx -c -I../Inc -O0 -ffunction-sections -fdata-sections -Wall -fstack-usage -fcyclomatic-complexity -MMD -MP -MF"Src/main.d" -MT"Src/main.o" --specs=nano.specs -mfpu=fpv4-sp-d16 -mfloat-abi=hard -mthumb -o "Src/main.o"
../Src/main.c:23:4: warning: #warning "FPU is not initialized, but the project is compiling for an FPU. Please initialize the FPU before use." [-Wcpp]
   23 |   #warning "FPU is not initialized, but the project is compiling for an FPU. Please initialize the FPU before use."
      |    ^~~~~~~
../Src/main.c: In function 'main':
../Src/main.c:30:17: warning: format '%d' expects a matching 'int *' argument [-Wformat=]
   30 |         scanf("%d %d,&a,&b");
      |                ~^
      |                 |
      |                 int *
../Src/main.c:30:20: warning: format '%d' expects a matching 'int *' argument [-Wformat=]
   30 |         scanf("%d %d,&a,&b");
      |                   ~^
      |                    |
      |                    int *
../Src/main.c:32:28: warning: format '%d' expects a matching 'int' argument [-Wformat=]
   32 |         printf("addition =%d\n");
      |                           ~^
      |                            |
      |                            int
../Src/main.c:33:9: error: 'return0' undeclared (first use in this function)
   33 |         return0;
      |         ^~~~~~~
../Src/main.c:33:9: note: each undeclared identifier is reported only once for each function it appears in
../Src/main.c:28:17: warning: variable 'sum' set but not used [-Wunused-but-set-variable]
   28 |         int a,b,sum;
      |                 ^~~
make: *** [Src/subdir.mk:31: Src/main.o] Error 1
"make -j4 all" terminated with exit code 2. Build might be incomplete.
12:16:40 **** Incremental Build of configuration Debug for project ADDITION OF 2 NUMBERS .C ****
make -j4 all 
arm-none-eabi-gcc "../Src/main.c" -mcpu=cortex-m4 -std=gnu11 -g3 -DDEBUG -DSTM32 -DSTM32F407G_DISC1 -DSTM32F4 -DSTM32F407VGTx -c -I../Inc -O0 -ffunction-sections -fdata-sections -Wall -fstack-usage -fcyclomatic-complexity -MMD -MP -MF"Src/main.d" -MT"Src/main.o" --specs=nano.specs -mfpu=fpv4-sp-d16 -mfloat-abi=hard -mthumb -o "Src/main.o"
../Src/main.c:23:4: warning: #warning "FPU is not initialized, but the project is compiling for an FPU. Please initialize the FPU before use." [-Wcpp]
   23 |   #warning "FPU is not initialized, but the project is compiling for an FPU. Please initialize the FPU before use."
      |    ^~~~~~~
../Src/main.c: In function 'main':
../Src/main.c:30:17: warning: format '%d' expects a matching 'int *' argument [-Wformat=]
   30 |         scanf("%d %d,&a,&b");
      |                ~^
      |                 |
      |                 int *
../Src/main.c:30:20: warning: format '%d' expects a matching 'int *' argument [-Wformat=]
   30 |         scanf("%d %d,&a,&b");
      |                   ~^
      |                    |
      |                    int *
../Src/main.c:32:28: warning: format '%d' expects a matching 'int' argument [-Wformat=]
   32 |         printf("addition =%d\n");
      |                           ~^
      |                            |
      |                            int
../Src/main.c:33:9: error: 'return0' undeclared (first use in this function)
   33 |         return0;
      |         ^~~~~~~
../Src/main.c:33:9: note: each undeclared identifier is reported only once for each function it appears in
../Src/main.c:28:17: warning: variable 'sum' set but not used [-Wunused-but-set-variable]
   28 |         int a,b,sum;
      |                 ^~~
make: *** [Src/subdir.mk:31: Src/main.o] Error 1
"make -j4 all" terminated with exit code 2. Build might be incomplete.
12:17:01 **** Incremental Build of configuration Debug for project ADDITION OF 2 NUMBERS .C ****
make -j4 all 
arm-none-eabi-gcc "../Src/main.c" -mcpu=cortex-m4 -std=gnu11 -g3 -DDEBUG -DSTM32 -DSTM32F407G_DISC1 -DSTM32F4 -DSTM32F407VGTx -c -I../Inc -O0 -ffunction-sections -fdata-sections -Wall -fstack-usage -fcyclomatic-complexity -MMD -MP -MF"Src/main.d" -MT"Src/main.o" --specs=nano.specs -mfpu=fpv4-sp-d16 -mfloat-abi=hard -mthumb -o "Src/main.o"
../Src/main.c:23:4: warning: #warning "FPU is not initialized, but the project is compiling for an FPU. Please initialize the FPU before use." [-Wcpp]
   23 |   #warning "FPU is not initialized, but the project is compiling for an FPU. Please initialize the FPU before use."
      |    ^~~~~~~
../Src/main.c: In function 'main':
../Src/main.c:30:17: warning: format '%d' expects a matching 'int *' argument [-Wformat=]
   30 |         scanf("%d %d,&a,&b");
      |                ~^
      |                 |
      |                 int *
../Src/main.c:30:20: warning: format '%d' expects a matching 'int *' argument [-Wformat=]
   30 |         scanf("%d %d,&a,&b");
      |                   ~^
      |                    |
      |                    int *
../Src/main.c:32:28: warning: format '%d' expects a matching 'int' argument [-Wformat=]
   32 |         printf("addition =%d\n");
      |                           ~^
      |                            |
      |                            int
../Src/main.c:28:17: warning: variable 'sum' set but not used [-Wunused-but-set-variable]
   28 |         int a,b,sum;
      |                 ^~~
../Src/main.c:31:12: warning: 'a' is used uninitialized [-Wuninitialized]
   31 |         sum=a+b;
      |         ~~~^~~~
../Src/main.c:28:13: note: 'a' was declared here
   28 |         int a,b,sum;
      |             ^
../Src/main.c:31:12: warning: 'b' is used uninitialized [-Wuninitialized]
   31 |         sum=a+b;
      |         ~~~^~~~
../Src/main.c:28:15: note: 'b' was declared here
   28 |         int a,b,sum;
      |               ^
arm-none-eabi-gcc -o "ADDITION OF 2 NUMBERS .C.elf" @"objects.list"   -mcpu=cortex-m4 -T"C:\Users\Admin\STM32CubeIDE\workspace_2.0.0\.metadata\ADDITION OF 2 NUMBERS .C\STM32F407VGTX_FLASH.ld" --specs=nosys.specs -Wl,-Map="ADDITION OF 2 NUMBERS .C.map" -Wl,--gc-sections -static --specs=nano.specs -mfpu=fpv4-sp-d16 -mfloat-abi=hard -mthumb -Wl,--start-group -lc -lm -Wl,--end-group
Finished building target: ADDITION OF 2 NUMBERS .C.elf
 
arm-none-eabi-size  ADDITION\ OF\ 2\ NUMBERS\ .C.elf 
arm-none-eabi-objdump -h -S ADDITION\ OF\ 2\ NUMBERS\ .C.elf  > "ADDITION OF 2 NUMBERS .C.list"
   text	   data	    bss	    dec	    hex	filename
   8516	     92	   1900	  10508	   290c	ADDITION OF 2 NUMBERS .C.elf
Finished building: default.size.stdout
 
Finished building: ADDITION OF 2 NUMBERS .C.list
 
12:17:53 **** Incremental Build of configuration Debug for project ADDITION OF 2 NUMBERS .C ****
make -j4 all 
arm-none-eabi-gcc -mcpu=cortex-m4 -g3 -DDEBUG -c -x assembler-with-cpp -MMD -MP -MF"Startup/startup_stm32f407vgtx.d" -MT"Startup/startup_stm32f407vgtx.o" --specs=nano.specs -mfpu=fpv4-sp-d16 -mfloat-abi=soft -mthumb -o "Startup/startup_stm32f407vgtx.o" "../Startup/startup_stm32f407vgtx.s"
arm-none-eabi-gcc "../Src/itm.c" -mcpu=cortex-m4 -std=gnu11 -g3 -DDEBUG -DSTM32 -DSTM32F407G_DISC1 -DSTM32F4 -DSTM32F407VGTx -c -I../Inc -O0 -ffunction-sections -fdata-sections -Wall -fstack-usage -fcyclomatic-complexity -MMD -MP -MF"Src/itm.d" -MT"Src/itm.o" --specs=nano.specs -mfpu=fpv4-sp-d16 -mfloat-abi=soft -mthumb -o "Src/itm.o"
arm-none-eabi-gcc "../Src/main.c" -mcpu=cortex-m4 -std=gnu11 -g3 -DDEBUG -DSTM32 -DSTM32F407G_DISC1 -DSTM32F4 -DSTM32F407VGTx -c -I../Inc -O0 -ffunction-sections -fdata-sections -Wall -fstack-usage -fcyclomatic-complexity -MMD -MP -MF"Src/main.d" -MT"Src/main.o" --specs=nano.specs -mfpu=fpv4-sp-d16 -mfloat-abi=soft -mthumb -o "Src/main.o"
arm-none-eabi-gcc "../Src/syscalls.c" -mcpu=cortex-m4 -std=gnu11 -g3 -DDEBUG -DSTM32 -DSTM32F407G_DISC1 -DSTM32F4 -DSTM32F407VGTx -c -I../Inc -O0 -ffunction-sections -fdata-sections -Wall -fstack-usage -fcyclomatic-complexity -MMD -MP -MF"Src/syscalls.d" -MT"Src/syscalls.o" --specs=nano.specs -mfpu=fpv4-sp-d16 -mfloat-abi=soft -mthumb -o "Src/syscalls.o"
arm-none-eabi-gcc "../Src/sysmem.c" -mcpu=cortex-m4 -std=gnu11 -g3 -DDEBUG -DSTM32 -DSTM32F407G_DISC1 -DSTM32F4 -DSTM32F407VGTx -c -I../Inc -O0 -ffunction-sections -fdata-sections -Wall -fstack-usage -fcyclomatic-complexity -MMD -MP -MF"Src/sysmem.d" -MT"Src/sysmem.o" --specs=nano.specs -mfpu=fpv4-sp-d16 -mfloat-abi=soft -mthumb -o "Src/sysmem.o"
../Src/main.c: In function 'main':
../Src/main.c:30:17: warning: format '%d' expects a matching 'int *' argument [-Wformat=]
   30 |         scanf("%d %d,&a,&b");
      |                ~^
      |                 |
      |                 int *
../Src/main.c:30:20: warning: format '%d' expects a matching 'int *' argument [-Wformat=]
   30 |         scanf("%d %d,&a,&b");
      |                   ~^
      |                    |
      |                    int *
../Src/main.c:32:28: warning: format '%d' expects a matching 'int' argument [-Wformat=]
   32 |         printf("addition =%d\n");
      |                           ~^
      |                            |
      |                            int
../Src/main.c:28:17: warning: variable 'sum' set but not used [-Wunused-but-set-variable]
   28 |         int a,b,sum;
      |                 ^~~
../Src/main.c:31:12: warning: 'a' is used uninitialized [-Wuninitialized]
   31 |         sum=a+b;
      |         ~~~^~~~
../Src/main.c:28:13: note: 'a' was declared here
   28 |         int a,b,sum;
      |             ^
../Src/main.c:31:12: warning: 'b' is used uninitialized [-Wuninitialized]
   31 |         sum=a+b;
      |         ~~~^~~~
../Src/main.c:28:15: note: 'b' was declared here
   28 |         int a,b,sum;
      |               ^
arm-none-eabi-gcc "../Src/system_stm32f4xx.c" -mcpu=cortex-m4 -std=gnu11 -g3 -DDEBUG -DSTM32 -DSTM32F407G_DISC1 -DSTM32F4 -DSTM32F407VGTx -c -I../Inc -O0 -ffunction-sections -fdata-sections -Wall -fstack-usage -fcyclomatic-complexity -MMD -MP -MF"Src/system_stm32f4xx.d" -MT"Src/system_stm32f4xx.o" --specs=nano.specs -mfpu=fpv4-sp-d16 -mfloat-abi=soft -mthumb -o "Src/system_stm32f4xx.o"
arm-none-eabi-gcc -o "ADDITION OF 2 NUMBERS .C.elf" @"objects.list"   -mcpu=cortex-m4 -T"C:\Users\Admin\STM32CubeIDE\workspace_2.0.0\.metadata\ADDITION OF 2 NUMBERS .C\STM32F407VGTX_FLASH.ld" --specs=nosys.specs -Wl,-Map="ADDITION OF 2 NUMBERS .C.map" -Wl,--gc-sections -static --specs=nano.specs -mfpu=fpv4-sp-d16 -mfloat-abi=soft -mthumb -Wl,--start-group -lc -lm -Wl,--end-group
Finished building target: ADDITION OF 2 NUMBERS .C.elf
 
arm-none-eabi-size  ADDITION\ OF\ 2\ NUMBERS\ .C.elf 
arm-none-eabi-objdump -h -S ADDITION\ OF\ 2\ NUMBERS\ .C.elf  > "ADDITION OF 2 NUMBERS .C.list"
   text	   data	    bss	    dec	    hex	filename
   8472	     92	   1900	  10464	   28e0	ADDITION OF 2 NUMBERS .C.elf
Finished building: default.size.stdout
 
Finished building: ADDITION OF 2 NUMBERS .C.list
 
12:22:27 **** Incremental Build of configuration Debug for project ADDITION OF 2 NUMBERS .C ****
make -j4 all 
arm-none-eabi-size  ADDITION\ OF\ 2\ NUMBERS\ .C.elf 
   text	   data	    bss	    dec	    hex	filename
   8472	     92	   1900	  10464	   28e0	ADDITION OF 2 NUMBERS .C.elf
Finished building: default.size.stdout
 
12:23:06 **** Incremental Build of configuration Debug for project ADDITION OF 2 NUMBERS .C ****
make -j4 all 
arm-none-eabi-size  ADDITION\ OF\ 2\ NUMBERS\ .C.elf 
   text	   data	    bss	    dec	    hex	filename
   8472	     92	   1900	  10464	   28e0	ADDITION OF 2 NUMBERS .C.elf
Finished building: default.size.stdout
 
12:30:38 **** Incremental Build of configuration Debug for project ADDITION OF 2 NUMBERS .C ****
make -j4 all 
arm-none-eabi-gcc "../Src/main.c" -mcpu=cortex-m4 -std=gnu11 -g3 -DDEBUG -DSTM32 -DSTM32F407G_DISC1 -DSTM32F4 -DSTM32F407VGTx -c -I../Inc -O0 -ffunction-sections -fdata-sections -Wall -fstack-usage -fcyclomatic-complexity -MMD -MP -MF"Src/main.d" -MT"Src/main.o" --specs=nano.specs -mfpu=fpv4-sp-d16 -mfloat-abi=soft -mthumb -o "Src/main.o"
arm-none-eabi-gcc -o "ADDITION OF 2 NUMBERS .C.elf" @"objects.list"   -mcpu=cortex-m4 -T"C:\Users\Admin\STM32CubeIDE\workspace_2.0.0\.metadata\ADDITION OF 2 NUMBERS .C\STM32F407VGTX_FLASH.ld" --specs=nosys.specs -Wl,-Map="ADDITION OF 2 NUMBERS .C.map" -Wl,--gc-sections -static --specs=nano.specs -mfpu=fpv4-sp-d16 -mfloat-abi=soft -mthumb -Wl,--start-group -lc -lm -Wl,--end-group
Finished building target: ADDITION OF 2 NUMBERS .C.elf
 
arm-none-eabi-size  ADDITION\ OF\ 2\ NUMBERS\ .C.elf 
arm-none-eabi-objdump -h -S ADDITION\ OF\ 2\ NUMBERS\ .C.elf  > "ADDITION OF 2 NUMBERS .C.list"
   text	   data	    bss	    dec	    hex	filename
   5012	     92	   1900	   7004	   1b5c	ADDITION OF 2 NUMBERS .C.elf
Finished building: default.size.stdout
 
Finished building: ADDITION OF 2 NUMBERS .C.list
 
12:31:03 **** Incremental Build of configuration Debug for project ADDITION OF 2 NUMBERS .C ****
make -j4 all 
arm-none-eabi-size  ADDITION\ OF\ 2\ NUMBERS\ .C.elf 
   text	   data	    bss	    dec	    hex	filename
   5012	     92	   1900	   7004	   1b5c	ADDITION OF 2 NUMBERS .C.elf
Finished building: default.size.stdout
 
12:32:57 **** Incremental Build of configuration Debug for project ADDITION OF 2 NUMBERS .C ****
make -j4 all 
arm-none-eabi-size  ADDITION\ OF\ 2\ NUMBERS\ .C.elf 
   text	   data	    bss	    dec	    hex	filename
   5012	     92	   1900	   7004	   1b5c	ADDITION OF 2 NUMBERS .C.elf
Finished building: default.size.stdout
 
